cargo : warning: variable `is_inline` is assigned to, but never used
At line:1 char:1
+ cargo test --no-fail-fast > test_output.txt 2>&1
+ ~~~~~~~~~~~~~~~~~~~~~~~~~~~~~~~~~~~~~~~~~~~~~~~~
    + CategoryInfo          : NotSpecified: (warning: variab... but never us   
 ed:String) [], RemoteException
    + FullyQualifiedErrorId : NativeCommandError
 
  --> parser\src\types.rs:21:13
   |
21 | ...   let mut is_inline = false; // Track inline separately for functions
   |           ^^^^^^^^^^^^^
   |
   = note: consider using `_is_inline` instead
   = note: `#[warn(unused_variables)]` (part of `#[warn(unused)]`) on by 
default

warning: value assigned to `is_inline` is never read
  --> parser\src\types.rs:31:21
   |
31 |                     is_inline = true;
   |                     ^^^^^^^^^^^^^^^^
   |
   = help: maybe it is overwritten before being read?
   = note: `#[warn(unused_assignments)]` (part of `#[warn(unused)]`) on by 
default

warning: `parser` (lib) generated 2 warnings
warning: unused variable: `dest`
  --> codegen\src\instructions.rs:12:9
   |
12 |         dest: VarId,
   |         ^^^^ help: if this is intentional, prefix it with an underscore: 
`_dest`
   |
   = note: `#[warn(unused_variables)]` (part of `#[warn(unused)]`) on by 
default

warning: unused variable: `reg`
   --> codegen\src\lib.rs:876:33
    |
876 |                 X86Operand::Mem(reg, offset) => {
    |                                 ^^^ help: if this is intentional, prefix 
it with an underscore: `_reg`

warning: unused variable: `offset`
   --> codegen\src\lib.rs:876:38
    |
876 |                 X86Operand::Mem(reg, offset) => {
    |                                      ^^^^^^ help: if this is 
intentional, prefix it with an underscore: `_offset`

warning: function `same_memory_location` is never used
   --> codegen\src\peephole.rs:240:4
    |
240 | fn same_memory_location(op1: &X86Operand, op2: &X86Operand) -> bool {
    |    ^^^^^^^^^^^^^^^^^^^^
    |
    = note: `#[warn(dead_code)]` (part of `#[warn(unused)]`) on by default

warning: function `writes_to_register` is never used
   --> codegen\src\peephole.rs:258:4
    |
258 | fn writes_to_register(inst: &X86Instr, reg: &X86Reg) -> bool {
    |    ^^^^^^^^^^^^^^^^^^

warning: associated functions `gen_float_binary_op` and `gen_float_unary_op` 
are never used
   --> codegen\src\instructions.rs:188:12
    |
  9 | impl InstructionGenerator {
    | ------------------------- associated functions in this implementation
...
188 |     pub fn gen_float_binary_op(
    |            ^^^^^^^^^^^^^^^^^^^
...
274 |     pub fn gen_float_unary_op(
    |            ^^^^^^^^^^^^^^^^^^

   Compiling optimizer v0.1.0 
(C:\Users\wzhan\programming\c-compiler-in-rust\optimizer)
warning: unused import: `TypeQualifiers`
 --> semantic\src\lib.rs:1:50
  |
1 | use model::{Program, Function, Stmt, Expr, Type, TypeQualifiers, BinaryOp};
  |                                                  ^^^^^^^^^^^^^^
  |
  = note: `#[warn(unused_imports)]` (part of `#[warn(unused)]`) on by default

   Compiling codegen v0.1.0 
(C:\Users\wzhan\programming\c-compiler-in-rust\codegen)
warning: `codegen` (lib) generated 6 warnings (run `cargo fix --lib -p 
codegen` to apply 3 suggestions)
warning: `semantic` (lib) generated 1 warning (run `cargo fix --lib -p 
semantic` to apply 1 suggestion)
   Compiling ir v0.1.0 (C:\Users\wzhan\programming\c-compiler-in-rust\ir)
warning: `parser` (lib test) generated 2 warnings (2 duplicates)
warning: `semantic` (lib test) generated 1 warning (1 duplicate)
warning: unused import: `load_forwarding::load_forwarding`
  --> optimizer\src\lib.rs:28:5
   |
28 | use load_forwarding::load_forwarding;
   |     ^^^^^^^^^^^^^^^^^^^^^^^^^^^^^^^^
   |
   = note: `#[warn(unused_imports)]` (part of `#[warn(unused)]`) on by default

error[E0004]: non-exhaustive patterns: `BinaryOp::AddAssign`, 
`BinaryOp::SubAssign`, `BinaryOp::MulAssign` and 7 more not covered
   --> optimizer\src\folding.rs:177:11
    |
177 |     match op {
    |           ^^ patterns `BinaryOp::AddAssign`, `BinaryOp::SubAssign`, 
`BinaryOp::MulAssign` and 7 more not covered
    |
note: `BinaryOp` defined here
   --> C:\Users\wzhan\programming\c-compiler-in-rust\model\src\lib.rs:286:1
    |
286 | pub enum BinaryOp {
    | ^^^^^^^^^^^^^^^^^
...
308 |     AddAssign,
    |     --------- not covered
309 |     SubAssign,
    |     --------- not covered
310 |     MulAssign,
    |     --------- not covered
311 |     DivAssign,
    |     --------- not covered
312 |     ModAssign,
    |     --------- not covered
    = note: the matched value is of type `BinaryOp`
help: ensure that all possible cases are being handled by adding a match arm 
with a wildcard pattern as shown, or multiple match arms
    |
206 ~         BinaryOp::LogicalAnd | BinaryOp::LogicalOr | BinaryOp::Assign => 
None,
207 ~         _ => todo!(),
    |

warning: unused variable: `volatile_globals`
  --> optimizer\src\lib.rs:49:9
   |
49 |     let volatile_globals: HashSet<String> = program.globals
   |         ^^^^^^^^^^^^^^^^ help: if this is intentional, prefix it with an 
underscore: `_volatile_globals`
   |
   = note: `#[warn(unused_variables)]` (part of `#[warn(unused)]`) on by 
default

For more information about this error, try `rustc --explain E0004`.
warning: `optimizer` (lib) generated 2 warnings
error: could not compile `optimizer` (lib) due to 1 previous error; 2 warnings 
emitted
warning: build failed, waiting for other jobs to finish...
warning: `optimizer` (lib test) generated 2 warnings (2 duplicates)
error: could not compile `optimizer` (lib test) due to 1 previous error; 2 
warnings emitted
warning: `codegen` (lib test) generated 6 warnings (6 duplicates)
